[Bootstrap]
SetupTitle=Instalar
SetupText=Copiando archivos, espere.
CabFile=Fonts2015_A.CAB
Spawn=Setup1.exe
Uninstal=st6unst.exe
TmpDir=msftqws.pdw
Cabs=1

[Bootstrap Files]
File1=@VB6STKIT.DLL,$(WinSysPathSysFile),,,7/27/98 11:00:00 PM,102912,6.0.81.69
File2=@COMCAT.DLL,$(WinSysPathSysFile),$(DLLSelfRegister),,5/31/98 11:00:00 PM,22288,4.71.1460.1
File3=@VB6ES.DLL,$(WinSysPath),,$(Shared),7/27/98 11:00:00 PM,119568,5.0.81.69
File4=@stdole2.tlb,$(WinSysPathSysFile),$(TLBRegister),,4/13/08 8:12:08 PM,16896,5.1.2600.5512
File5=@asycfilt.dll,$(WinSysPathSysFile),,,4/14/08 6:48:20 AM,65024,5.1.2600.5512
File6=@olepro32.dll,$(WinSysPathSysFile),$(DLLSelfRegister),,4/14/08 6:48:34 AM,84992,5.1.2600.5512
File7=@oleaut32.dll,$(WinSysPathSysFile),$(DLLSelfRegister),,4/14/08 6:48:34 AM,551936,5.1.2600.5512
File8=@msvbvm60.dll,$(WinSysPathSysFile),$(DLLSelfRegister),,4/14/08 6:48:30 AM,1384479,6.0.98.2

[IconGroups]
Group0=PROJECTOS_GCM_2015
PrivateGroup0=Verdadero
Parent0=$(Programs)

[PROJECTOS_GCM_2015]
Icon1="Fonts2015_A.exe"
Title1=PROJECTOS_GCM_2015
StartIn1=$(AppPath)
Icon2="Fonts2015_A.exe"
Title2=Fuentes
StartIn2=$(AppPath)
Icon3="Pastero_2milToTheEnd-NextOne4b.exe"
Title3=Pastero
StartIn3=$(AppPath)
Icon4="KeyCodesZ3-JUL06.exe"
Title4=KeyCodes
StartIn4=$(AppPath)
Icon5="prCSV_SC_EQU_EXEC_3.exe"
Title5=CSV VieWERS
StartIn5=$(AppPath)
Icon6="prMenuPerl_Vers2.exe"
Title6=MenuPerl
StartIn6=$(AppPath)
Icon7="prVersionInfo_V3.exe"
Title7=VErsion Ïnfo
StartIn7=$(AppPath)
Icon8="proCalendario-9_2015.exe"
Title8=Calendario Creador
StartIn8=$(AppPath)
Icon9="CopiaRutaRemodeled_2mil14-tvvb.exe"
Title9=Copiar Ruta
StartIn9=$(AppPath)
Icon10="prCMD2VB_Vers6_2015-beta.exe"
Title10=Comandos Viewer
StartIn10=$(AppPath)

[Setup]
Title=PROJECTOS_GCM_2015
DefaultDir=$(ProgramFiles)\FONTS2011
AppExe=Fonts2015_A.exe
AppToUninstall=Fonts2015_A.exe

[Setup1 Files]
File1=@prCMD2VB_Vers6_2015-beta.exe,$(AppPath),,,10/5/14 4:42:17 PM,36864,1.0.0.0
File2=@CopiaRutaRemodeled_2mil14-tvvb.exe,$(AppPath),,,2/27/15 5:40:59 PM,45056,1.2.0.50
File3=@proCalendario-9_2015.exe,$(AppPath),,,2/27/15 5:40:58 PM,90112,1.6.0.5
File4=@prVersionInfo_V3.exe,$(AppPath),,,1/7/06 11:41:36 AM,40960,1.1.0.8
File5=@prMenuPerl_Vers2.exe,$(AppPath),,,12/24/05 11:11:40 AM,28672,1.0.0.0
File6=@prCSV_SC_EQU_EXEC_3.exe,$(AppPath),,,10/5/14 6:38:47 PM,61440,1.0.0.0
File7=@KeyCodesZ3-JUL06.exe,$(AppPath),,,2/27/15 5:40:55 PM,20480,1.0.0.0
File8=@Pastero_2milToTheEnd-NextOne4b.exe,$(AppPath),,,3/13/15 6:00:48 PM,81920,1.2.0.7
File9=@RCHTXES.DLL,$(WinSysPath),,$(Shared),7/27/98 11:00:00 PM,34816,6.0.81.63
File10=@RICHED32.DLL,$(WinSysPathSysFile),,,5/7/98 11:00:00 PM,174352,4.0.993.4
File11=@RICHTX32.OCX,$(WinSysPath),$(DLLSelfRegister),$(Shared),6/23/98 11:00:00 PM,203576,6.0.81.69
File12=@CMDLGES.DLL,$(WinSysPath),,$(Shared),7/27/98 11:00:00 PM,33280,6.0.81.63
File13=@COMDLG32.OCX,$(WinSysPath),$(DLLSelfRegister),$(Shared),6/23/98 11:00:00 PM,140096,6.0.81.69
File14=@Fonts2015_A.exe,$(AppPath),,,3/13/15 6:02:48 PM,32768,1.0.0.10

; Puede eliminar las siguientes líneas para obtener espacio adicional 
; con el fin de personalizar este archivo en un disco de instalación completa.
; 
; XXXXXXXXXXXXXXXXXXXXXXXXXXXXXXXXXXXXXXXXXXXXXXXXXXXXXXXXXXXX
; XXXXXXXXXXXXXXXXXXXXXXXXXXXXXXXXXXXXXXXXXXXXXXXXXXXXXXXXXXXX
; XXXXXXXXXXXXXXXXXXXXXXXXXXXXXXXXXXXXXXXXXXXXXXXXXXXXXXXXXXXX
; XXXXXXXXXXXXXXXXXXXXXXXXXXXXXXXXXXXXXXXXXXXXXXXXXXXXXXXXXXXX
; XXXXXXXXXXXXXXXXXXXXXXXXXXXXXXXXXXXXXXXXXXXXXXXXXXXXXXXXXXXX
; XXXXXXXXXXXXXXXXXXXXXXXXXXXXXXXXXXXXXXXXXXXXXXXXXXXXXXXXXXXX
; XXXXXXXXXXXXXXXXXXXXXXXXXXXXXXXXXXXXXXXXXXXXXXXXXXXXXXXXXXXX
; XXXXXXXXXXXXXXXXXXXXXXXXXXXXXXXXXXXXXXXXXXXXXXXXXXXXXXXXXXXX
; XXXXXXXXXXXXXXXXXXXXXXXXXXXXXXXXXXXXXXXXXXXXXXXXXXXXXXXXXXXX
; XXXXXXXXXXXXXXXXXXXXXXXXXXXXXXXXXXXXXXXXXXXXXXXXXXXXXXXXXXXX
; XXXXXXXXXXXXXXXXXXXXXXXXXXXXXXXXXXXXXXXXXXXXXXXXXXXXXXXXXXXX
; XXXXXXXXXXXXXXXXXXXXXXXXXXXXXXXXXXXXXXXXXXXXXXXXXXXXXXXXXXXX
; XXXXXXXXXXXXXXXXXXXXXXXXXXXXXXXXXXXXXXXXXXXXXXXXXXXXXXXXXXXX
; XXXXXXXXXXXXXXXXXXXXXXXXXXXXXXXXXXXXXXXXXXXXXXXXXXXXXXXXXXXX
; XXXXXXXXXXXXXXXXXXXXXXXXXXXXXXXXXXXXXXXXXXXXXXXXXXXXXXXXXXXX
; XXXXXXXXXXXXXXXXXXXXXXXXXXXXXXXXXXXXXXXXXXXXXXXXXXXXXXXXXXXX
; XXXXXXXXXXXXXXXXXXXXXXXXXXXXXXXXXXXXXXXXXXXXXXXXXXXXXXXXXXXX
; XXXXXXXXXXXXXXXXXXXXXXXXXXXXXXXXXXXXXXXXXXXXXXXXXXXXXXXXXXXX
; XXXXXXXXXXXXXXXXXXXXXXXXXXXXXXXXXXXXXXXXXXXXXXXXXXXXXXXXXXXX
; XXXXXXXXXXXXXXXXXXXXXXXXXXXXXXXXXXXXXXXXXXXXXXXXXXXXXXXXXXXX
; XXXXXXXXXXXXXXXXXXXXXXXXXXXXXXXXXXXXXXXXXXXXXXXXXXXXXXXXXXXX
; XXXXXXXXXXXXXXXXXXXXXXXXXXXXXXXXXXXXXXXXXXXXXXXXXXXXXXXXXXXX
; XXXXXXXXXXXXXXXXXXXXXXXXXXXXXXXXXXXXXXXXXXXXXXXXXXXXXXXXXXXX
; XXXXXXXXXXXXXXXXXXXXXXXXXXXXXXXXXXXXXXXXXXXXXXXXXXXXXXXXXXXX
; XXXXXXXXXXXXXXXXXXXXXXXXXXXXXXXXXXXXXXXXXXXXXXXXXXXXXXXXXXXX
; XXXXXXXXXXXXXXXXXXXXXXXXXXXXXXXXXXXXXXXXXXXXXXXXXXXXXXXXXXXX
; XXXXXXXXXXXXXXXXXXXXXXXXXXXXXXXXXXXXXXXXXXXXXXXXXXXXXXXXXXXX
; XXXXXXXXXXXXXXXXXXXXXXXXXXXXXXXXXXXXXXXXXXXXXXXXXXXXXXXXXXXX
; XXXXXXXXXXXXXXXXXXXXXXXXXXXXXXXXXXXXXXXXXXXXXXXXXXXXXXXXXXXX
; XXXXXXXXXXXXXXXXXXXXXXXXXXXXXXXXXXXXXXXXXXXXXXXXXXXXXXXXXXXX
; XXXXXXXXXXXXXXXXXXXXXXXXXXXXXXXXXXXXXXXXXXXXXXXXXXXXXXXXXXXX
; XXXXXXXXXXXXXXXXXXXXXXXXXXXXXXXXXXXXXXXXXXXXXXXXXXXXXXXXXXXX
; XXXXXXXXXXXXXXXXXXXXXXXXXXXXXXXXXXXXXXXXXXXXXXXXXXXXXXXXXXXX
; XXXXXXXXXXXXXXXXXXXXXXXXXXXXXXXXXXXXXXXXXXXXXXXXXXXXXXXXXXXX
; XXXXXXXXXXXXXXXXXXXXXXXXXXXXXXXXXXXXXXXXXXXXXXXXXXXXXXXXXXXX
